ASxxxx Linker V03.00 + NoICE + sdld,  page 1.
Hexadecimal  [32-Bits]

Area                                    Addr        Size        Decimal Bytes (Attributes)
--------------------------------        ----        ----        ------- ----- ------------
.  .ABS.                            00000000    00000000 =           0. bytes (ABS,CON)

      Value  Global                              Global Defined In Module
      -----  --------------------------------   ------------------------
     00000000  .__.ABS.                           cpct_video
     00000000  l__CABS                         
     00000000  l__DABS                         
     00000000  l__DATA                         
     00000000  l__GSFINAL                      
     00000000  l__GSINIT                       
     00000000  l__HOME                         
     00000000  l__INITIALIZED                  
     00000000  l__INITIALIZER                  
     00000000  s__CABS                         
     00000000  s__DABS                         
     000005D1  l__CODE                         
     00004000  s__CODE                         
     000045D1  s__DATA                         
     000045D1  s__GSFINAL                      
     000045D1  s__GSINIT                       
     000045D1  s__HOME                         
     000045D1  s__INITIALIZED                  
     000045D1  s__INITIALIZER                  

ASxxxx Linker V03.00 + NoICE + sdld,  page 2.
Hexadecimal  [32-Bits]

Area                                    Addr        Size        Decimal Bytes (Attributes)
--------------------------------        ----        ----        ------- ----- ------------
_CODE                               00004000    000005D1 =        1489. bytes (REL,CON)

      Value  Global                              Global Defined In Module
      -----  --------------------------------   ------------------------
     00004000  _g_palette                         naves
     00004010  _g_naves_0                         naves
     00004090  _g_naves_1                         naves
     00004110  _g_naves_2                         naves
     00004190  _g_naves_3                         naves
     00004208  _g_naves_4                         naves
     00004280  _g_naves_5                         naves
     000042F8  _inicializarPantalla               game
     00004306  _player                            game
     0000430C  _updateUser                        game
     0000433E  _play                              game
     0000435C  _inicializar                       main
     00004377  _main                              main
     0000437F  _incializarEntities                entities
     00004380  _accion                            entities
     00004398  _moverArriba                       entities
     000043C3  _updatePlayer                      entities
     000043C4  _redibujarPlayer                   entities
     000043F5  _borrarPlayer                      entities
     000043F6  _dibujarPlayer                     entities
     0000442A  _drawAll                           entities
     00004434  _cpct_setPalette                   cpct_video
     0000444B  _cpct_isKeyPressed                 cpct_keyboard
     0000444B  cpct_isKeyPressed_asm              cpct_keyboard
     00004457  _cpct_scanKeyboard_f               cpct_keyboard
     00004457  cpct_scanKeyboard_f_asm            cpct_keyboard
     000044C1  _cpct_setPALColour                 cpct_video
     000044CD  _cpct_drawSprite                   cpct_sprites
     00004572  _cpct_keyboardStatusBuffer         cpct_keyboard
     0000457C  _cpct_setVideoMode                 cpct_video
     0000458A  _cpct_waitVSYNC                    cpct_video
     0000458A  cpct_waitVSYNC_asm                 cpct_video
     00004592  _cpct_memset                       cpct_memutils
     000045A0  _cpct_disableFirmware              cpct_firmware
     000045A0  _cpct_removeInterruptHandler       cpct_firmware
     000045A0  cpct_disableFirmware_asm           cpct_firmware
     000045A0  cpct_removeInterruptHandler_asm    cpct_firmware
     000045B0  _cpct_mode_rom_status              cpct_firmware
     000045B1  _cpct_getScreenPtr                 cpct_video
ASxxxx Linker V03.00 + NoICE + sdld,  page 3.

Files Linked                              [ module(s) ]

obj/sprites/naves.rel                     [ naves ]
obj/game.rel                              [ game ]
obj/main.rel                              [ main ]
obj/entities/entities.rel                 [ entities ]


Libraries Linked                          [ object file ]

/mnt/c/Users/julio/cpctelera/cpctelera/cpctelera.lib
                                          [ cpct_setPalette_cbindings.rel ]
/mnt/c/Users/julio/cpctelera/cpctelera/cpctelera.lib
                                          [ cpct_isKeyPressed.rel ]
/mnt/c/Users/julio/cpctelera/cpctelera/cpctelera.lib
                                          [ cpct_scanKeyboard_f.rel ]
/mnt/c/Users/julio/cpctelera/cpctelera/cpctelera.lib
                                          [ cpct_setPALColour_cbindings.rel ]
/mnt/c/Users/julio/cpctelera/cpctelera/cpctelera.lib
                                          [ cpct_drawSprite_cbindings.rel ]
/mnt/c/Users/julio/cpctelera/cpctelera/cpctelera.lib
                                          [ keyboard.rel ]
/mnt/c/Users/julio/cpctelera/cpctelera/cpctelera.lib
                                          [ cpct_setVideoMode_cbindings.rel ]
/mnt/c/Users/julio/cpctelera/cpctelera/cpctelera.lib
                                          [ cpct_waitVSYNC.rel ]
/mnt/c/Users/julio/cpctelera/cpctelera/cpctelera.lib
                                          [ cpct_memset_cbinding.rel ]
/mnt/c/Users/julio/cpctelera/cpctelera/cpctelera.lib
                                          [ cpct_removeInterruptHandler.rel ]
/mnt/c/Users/julio/cpctelera/cpctelera/cpctelera.lib
                                          [ cpc_mode_rom_status.rel ]
/mnt/c/Users/julio/cpctelera/cpctelera/cpctelera.lib
                                          [ cpct_getScreenPtr_cbindings.rel ]

ASxxxx Linker V03.00 + NoICE + sdld,  page 4.

User Base Address Definitions

_CODE = 0x4000
_DATA = 0x0000

