ASxxxx Linker V03.00 + NoICE + sdld,  page 1.
Hexadecimal  [32-Bits]

Area                                    Addr        Size        Decimal Bytes (Attributes)
--------------------------------        ----        ----        ------- ----- ------------
.  .ABS.                            00000000    00000000 =           0. bytes (ABS,CON)

      Value  Global                              Global Defined In Module
      -----  --------------------------------   ------------------------
     00000000  .__.ABS.                           cpct_video
     00000000  l__CABS                         
     00000000  l__DABS                         
     00000000  l__GSFINAL                      
     00000000  l__GSINIT                       
     00000000  l__HOME                         
     00000000  l__INITIALIZED                  
     00000000  l__INITIALIZER                  
     00000000  s__CABS                         
     00000000  s__DABS                         
     00000004  l__DATA                         
     000011D5  l__CODE                         
     00004000  s__CODE                         
     000051D5  s__DATA                         
     000051D9  s__GSFINAL                      
     000051D9  s__GSINIT                       
     000051D9  s__HOME                         
     000051D9  s__INITIALIZED                  
     000051D9  s__INITIALIZER                  

ASxxxx Linker V03.00 + NoICE + sdld,  page 2.
Hexadecimal  [32-Bits]

Area                                    Addr        Size        Decimal Bytes (Attributes)
--------------------------------        ----        ----        ------- ----- ------------
_CODE                               00004000    000011D5 =        4565. bytes (REL,CON)

      Value  Global                              Global Defined In Module
      -----  --------------------------------   ------------------------
     00004000  _g_hero_00                         hero
     000040D8  _g_hero_01                         hero
     000041B0  _g_hero_02                         hero
     00004288  _g_hero_03                         hero
     00004360  _g_hero_04                         hero
     00004438  _g_hero_05                         hero
     00004510  _g_hero_06                         hero
     000045E8  _g_hero_07                         hero
     000046C0  _g_hero_08                         hero
     00004798  _g_hero_09                         hero
     00004870  _g_hero_10                         hero
     00004948  _g_hero_11                         hero
     00004A20  _g_hero_12                         hero
     00004AF8  _g_hero_13                         hero
     00004BD0  _g_hero_14                         hero
     00004CA8  _g_hero_15                         hero
     00004D80  _g_palette                         naves
     00004D90  _g_naves_0                         naves
     00004E10  _g_naves_1                         naves
     00004E90  _g_naves_2                         naves
     00004F10  _g_naves_3                         naves
     00004F88  _g_naves_4                         naves
     00005000  _g_naves_5                         naves
     00005078  _dibujarPlayer                     main
     0000509B  _inicializar                       main
     000050C9  _main                              main
     000050CE  _cpct_setPalette                   cpct_video
     000050E5  _cpct_setPALColour                 cpct_video
     000050F1  _cpct_drawSprite                   cpct_sprites
     00005196  _cpct_setVideoMode                 cpct_video
     000051A4  _cpct_disableFirmware              cpct_firmware
     000051A4  _cpct_removeInterruptHandler       cpct_firmware
     000051A4  cpct_disableFirmware_asm           cpct_firmware
     000051A4  cpct_removeInterruptHandler_asm    cpct_firmware
     000051B4  _cpct_mode_rom_status              cpct_firmware
     000051B5  _cpct_getScreenPtr                 cpct_video
ASxxxx Linker V03.00 + NoICE + sdld,  page 3.
Hexadecimal  [32-Bits]

Area                                    Addr        Size        Decimal Bytes (Attributes)
--------------------------------        ----        ----        ------- ----- ------------
_DATA                               000051D5    00000004 =           4. bytes (REL,CON)

      Value  Global                              Global Defined In Module
      -----  --------------------------------   ------------------------
     000051D5  _player                            main

ASxxxx Linker V03.00 + NoICE + sdld,  page 4.

Files Linked                              [ module(s) ]

obj/hero.rel                              [ hero ]
obj/naves.rel                             [ naves ]
obj/main.rel                              [ main ]


Libraries Linked                          [ object file ]

/mnt/c/Users/julio/cpctelera/cpctelera/cpctelera.lib
                                          [ cpct_setPalette_cbindings.rel ]
/mnt/c/Users/julio/cpctelera/cpctelera/cpctelera.lib
                                          [ cpct_setPALColour_cbindings.rel ]
/mnt/c/Users/julio/cpctelera/cpctelera/cpctelera.lib
                                          [ cpct_drawSprite_cbindings.rel ]
/mnt/c/Users/julio/cpctelera/cpctelera/cpctelera.lib
                                          [ cpct_setVideoMode_cbindings.rel ]
/mnt/c/Users/julio/cpctelera/cpctelera/cpctelera.lib
                                          [ cpct_removeInterruptHandler.rel ]
/mnt/c/Users/julio/cpctelera/cpctelera/cpctelera.lib
                                          [ cpc_mode_rom_status.rel ]
/mnt/c/Users/julio/cpctelera/cpctelera/cpctelera.lib
                                          [ cpct_getScreenPtr_cbindings.rel ]

ASxxxx Linker V03.00 + NoICE + sdld,  page 5.

User Base Address Definitions

_CODE = 0x4000
_DATA = 0x0000

