ASxxxx Linker V03.00 + NoICE + sdld,  page 1.
Hexadecimal  [32-Bits]

Area                                    Addr        Size        Decimal Bytes (Attributes)
--------------------------------        ----        ----        ------- ----- ------------
.  .ABS.                            00000000    00000000 =           0. bytes (ABS,CON)

      Value  Global                              Global Defined In Module
      -----  --------------------------------   ------------------------
     00000000  .__.ABS.                           cpct_sprites
     00000000  l__CABS                         
     00000000  l__DABS                         
     00000000  l__GSFINAL                      
     00000000  l__GSINIT                       
     00000000  l__HOME                         
     00000000  l__INITIALIZED                  
     00000000  l__INITIALIZER                  
     00000000  l__g_tablatrans_                
     00000000  s__CABS                         
     00000000  s__DABS                         
     00000000  s__g_tablatrans_                
     00000000  s__g_tablatrans_0               
     00000009  l__DATA                         
     00000100  l__g_tablatrans_0               
     00000187  l__CSEG                         
     00002B42  l__CODE                         
     00004000  s__CODE                         
     00006B42  s__DATA                         
     00006B4B  s__CSEG                         
     00006B4B  s__GSFINAL                      
     00006B4B  s__GSINIT                       
     00006B4B  s__HOME                         
     00006B4B  s__INITIALIZED                  
     00006B4B  s__INITIALIZER                  

ASxxxx Linker V03.00 + NoICE + sdld,  page 2.
Hexadecimal  [32-Bits]

Area                                    Addr        Size        Decimal Bytes (Attributes)
--------------------------------        ----        ----        ------- ----- ------------
_CODE                               00004000    00002B42 =       11074. bytes (REL,CON)

      Value  Global                              Global Defined In Module
      -----  --------------------------------   ------------------------
     00004000  _g_map1                            map1
     00004528  _g_tileset                         tiles
     00004550  _g_tiles_00                        tiles
     00004558  _g_tiles_01                        tiles
     00004560  _g_tiles_02                        tiles
     00004568  _g_tiles_03                        tiles
     00004570  _g_tiles_04                        tiles
     00004578  _g_tiles_05                        tiles
     00004580  _g_tiles_06                        tiles
     00004588  _g_tiles_07                        tiles
     00004590  _g_tiles_08                        tiles
     00004598  _g_tiles_09                        tiles
     000045A0  _g_tiles_10                        tiles
     000045A8  _g_tiles_11                        tiles
     000045B0  _g_tiles_12                        tiles
     000045B8  _g_tiles_13                        tiles
     000045C0  _g_tiles_14                        tiles
     000045C8  _g_tiles_15                        tiles
     000045D0  _g_tiles_16                        tiles
     000045D8  _g_tiles_17                        tiles
     000045E0  _g_tiles_18                        tiles
     000045E8  _g_tiles_19                        tiles
     000045F0  _g_hero_00                         hero
     000046C8  _g_hero_01                         hero
     000047A0  _g_hero_02                         hero
     00004878  _g_hero_03                         hero
     00004950  _g_hero_04                         hero
     00004A28  _g_hero_05                         hero
     00004B00  _g_hero_06                         hero
     00004BD8  _g_hero_07                         hero
     00004CB0  _g_hero_08                         hero
     00004D88  _g_hero_09                         hero
     00004E60  _g_hero_10                         hero
     00004F38  _g_hero_11                         hero
     00005010  _g_hero_12                         hero
     000050E8  _g_hero_13                         hero
     000051C0  _g_hero_14                         hero
     00005298  _g_hero_15                         hero
     00005370  _g_retropolis_0                    retropolis
     00005DC0  _g_retropolis_1                    retropolis
     00006810  _g_palette                         fantasma
     00006820  _g_fantasma                        fantasma
     000068A0  _cpct_setPalette                   cpct_video
     000068A0  _dummy_cpct_transparentMaskTable   main
     000068B7  _cpct_isKeyPressed                 cpct_keyboard
     000068B7  cpct_isKeyPressed_asm              cpct_keyboard
     000068C3  _cpct_setPALColour                 cpct_video
     000068CF  _cpct_drawSprite                   cpct_sprites
     00006974  _cpct_etm_drawTileBox2x4           cpct_easytilemaps
     00006A03  _cpct_etm_setTileset2x4            cpct_easytilemaps
ASxxxx Linker V03.00 + NoICE + sdld,  page 3.
Hexadecimal  [32-Bits]

Area                                    Addr        Size        Decimal Bytes (Attributes)
--------------------------------        ----        ----        ------- ----- ------------
_CODE                               00004000    00002B42 =       11074. bytes (REL,CON)

      Value  Global                              Global Defined In Module
      -----  --------------------------------   ------------------------
     00006A03  cpct_etm_setTileset2x4_asm         cpct_easytilemaps
     00006A07  _cpct_keyboardStatusBuffer         cpct_keyboard
     00006A11  _cpct_etm_drawTileRow2x4           cpct_easytilemaps
     00006A18  cpct_etm_drawTileRow2x4_asm        cpct_easytilemaps
     00006A1A  dtr_restore_ptileset               cpct_easytilemaps
     00006A32  _cpct_isAnyKeyPressed              cpct_keyboard
     00006A32  cpct_isAnyKeyPressed_asm           cpct_keyboard
     00006A3F  _cpct_scanKeyboard_if              cpct_keyboard
     00006A3F  cpct_scanKeyboard_if_asm           cpct_keyboard
     00006AA7  _cpct_setVideoMode                 cpct_video
     00006AB5  _cpct_disableFirmware              cpct_firmware
     00006AB5  _cpct_removeInterruptHandler       cpct_firmware
     00006AB5  cpct_disableFirmware_asm           cpct_firmware
     00006AB5  cpct_removeInterruptHandler_asm    cpct_firmware
     00006AC5  cpct_drawTileAligned2x4_f_asm      cpct_sprites
     00006AE6  _cpct_mode_rom_status              cpct_firmware
     00006AE7  _cpct_getScreenPtr                 cpct_video
     00006B07  _cpct_drawSpriteMaskedAlignedTab   cpct_sprites

ASxxxx Linker V03.00 + NoICE + sdld,  page 4.
Hexadecimal  [32-Bits]

Area                                    Addr        Size        Decimal Bytes (Attributes)
--------------------------------        ----        ----        ------- ----- ------------
_DATA                               00006B42    00000009 =           9. bytes (REL,CON)

      Value  Global                              Global Defined In Module
      -----  --------------------------------   ------------------------
     00006B42  _prota                             main
     00006B49  _mapa                              main

ASxxxx Linker V03.00 + NoICE + sdld,  page 5.
Hexadecimal  [32-Bits]

Area                                    Addr        Size        Decimal Bytes (Attributes)
--------------------------------        ----        ----        ------- ----- ------------
_g_tablatrans_0                     00000000    00000100 =         256. bytes (ABS,CON)

      Value  Global                              Global Defined In Module
      -----  --------------------------------   ------------------------
     00000100  _g_tablatrans                      main

ASxxxx Linker V03.00 + NoICE + sdld,  page 6.
Hexadecimal  [32-Bits]

Area                                    Addr        Size        Decimal Bytes (Attributes)
--------------------------------        ----        ----        ------- ----- ------------
_CSEG                               00006B4B    00000187 =         391. bytes (REL,CON)

      Value  Global                              Global Defined In Module
      -----  --------------------------------   ------------------------
     00006B4B  _dibujarProta                      main
     00006B71  _dibujaRotulo                      main
     00006B8F  _dibujarMapa                       main
     00006BA5  _comprobarTeclado                  main
     00006BC5  _moverDerecha                      main
     00006BD5  _moverIzquierda                    main
     00006BE4  _borrarProta                       main
     00006C59  _redibujarProta                    main
     00006C6D  _inicializar                       main
     00006CBC  _main                              main

ASxxxx Linker V03.00 + NoICE + sdld,  page 7.

Files Linked                              [ module(s) ]

obj/map1.rel                              [ map1 ]
obj/tiles.rel                             [ tiles ]
obj/hero.rel                              [ hero ]
obj/retropolis.rel                        [ retropolis ]
obj/fantasma.rel                          [ fantasma ]
obj/main.rel                              [ main ]


Libraries Linked                          [ object file ]

/mnt/c/Users/Alfonso/cpctelera/cpctelera/cpctelera.lib
                                          [ cpct_setPalette_cbindings.rel ]
/mnt/c/Users/Alfonso/cpctelera/cpctelera/cpctelera.lib
                                          [ cpct_isKeyPressed.rel ]
/mnt/c/Users/Alfonso/cpctelera/cpctelera/cpctelera.lib
                                          [ cpct_setPALColour_cbindings.rel ]
/mnt/c/Users/Alfonso/cpctelera/cpctelera/cpctelera.lib
                                          [ cpct_drawSprite_cbindings.rel ]
/mnt/c/Users/Alfonso/cpctelera/cpctelera/cpctelera.lib
                                          [ cpct_etm_drawTileBox2x4_cbinding ]
/mnt/c/Users/Alfonso/cpctelera/cpctelera/cpctelera.lib
                                          [ cpct_etm_setTileset2x4.rel ]
/mnt/c/Users/Alfonso/cpctelera/cpctelera/cpctelera.lib
                                          [ keyboard.rel ]
/mnt/c/Users/Alfonso/cpctelera/cpctelera/cpctelera.lib
                                          [ cpct_etm_drawTileRow2x4.rel ]
/mnt/c/Users/Alfonso/cpctelera/cpctelera/cpctelera.lib
                                          [ cpct_isAnyKeyPressed.rel ]
/mnt/c/Users/Alfonso/cpctelera/cpctelera/cpctelera.lib
                                          [ cpct_scanKeyboard_if.rel ]
/mnt/c/Users/Alfonso/cpctelera/cpctelera/cpctelera.lib
                                          [ cpct_setVideoMode_cbindings.rel ]
/mnt/c/Users/Alfonso/cpctelera/cpctelera/cpctelera.lib
                                          [ cpct_removeInterruptHandler.rel ]
/mnt/c/Users/Alfonso/cpctelera/cpctelera/cpctelera.lib
                                          [ cpct_drawTileAligned2x4_f_asmbin ]
/mnt/c/Users/Alfonso/cpctelera/cpctelera/cpctelera.lib
                                          [ cpc_mode_rom_status.rel ]
/mnt/c/Users/Alfonso/cpctelera/cpctelera/cpctelera.lib
                                          [ cpct_getScreenPtr_cbindings.rel ]
/mnt/c/Users/Alfonso/cpctelera/cpctelera/cpctelera.lib
                                          [ cpct_drawSpriteMaskedAlignedTabl ]

ASxxxx Linker V03.00 + NoICE + sdld,  page 8.

User Base Address Definitions

_CODE = 0x4000
_DATA = 0x0000

